#-----------------------------------------------------------
# Vivado v2020.2 (64-bit)
# SW Build 3064766 on Wed Nov 18 09:12:45 MST 2020
# IP Build 3064653 on Wed Nov 18 14:17:31 MST 2020
# Start of session at: Sun May  2 18:26:14 2021
# Process ID: 19836
# Current directory: C:/Users/zbrei/Documents/Coding/UMD/UART-Verilog/UART
# Command line: vivado.exe -gui_launcher_event rodinguilauncherevent1228 C:\Users\zbrei\Documents\Coding\UMD\UART-Verilog\UART\UART.xpr
# Log file: C:/Users/zbrei/Documents/Coding/UMD/UART-Verilog/UART/vivado.log
# Journal file: C:/Users/zbrei/Documents/Coding/UMD/UART-Verilog/UART\vivado.jou
#-----------------------------------------------------------
start_gui
open_project C:/Users/zbrei/Documents/Coding/UMD/UART-Verilog/UART/UART.xpr
update_compile_order -fileset sources_1
close [ open C:/Users/zbrei/Documents/Coding/UMD/UART-Verilog/UART/UART.srcs/sources_1/new/RxController.v w ]
add_files C:/Users/zbrei/Documents/Coding/UMD/UART-Verilog/UART/UART.srcs/sources_1/new/RxController.v
update_compile_order -fileset sources_1
launch_simulation
source TxTestBench.tcl
close_sim
launch_simulation
source TxTestBench.tcl
reset_run synth_1
launch_runs synth_1 -jobs 4
wait_on_run synth_1
launch_runs impl_1 -jobs 4
wait_on_run impl_1
# Disabling source management mode.  This is to allow the top design properties to be set without GUI intervention.
set_property source_mgmt_mode None [current_project]
set_property top Rx [current_fileset]
# Re-enabling previously disabled source management mode.
set_property source_mgmt_mode All [current_project]
update_compile_order -fileset sources_1
reset_run synth_1
launch_runs synth_1 -jobs 4
wait_on_run synth_1
launch_runs impl_1 -jobs 4
wait_on_run impl_1
open_run impl_1
close_sim
